
Rahim & Sons Company has 3 types of employees: Manager - 1, Supervisor - 5, and Marketing Officer - 10. They need to build a system where manager will be authorised to do anything on the database system. Supervisors can create table, view, and sequence. And Marketing officers can only view the data.
	1. create table named department, contact, employee.
		a. department: id pk, name unique
		b. contact: id, mobile unique, country default Bangladesh.
		c. employee: id, name, salary (starts with 25000), joining_date (before 2000), department_id fk not null and contact_id unique fk not null
	2. create 3 sequences for each table.
		a. department sequence should ne increment by 10 and start with 10.
		b. contact sequence should ne increment by 5 and start with 5.
		c. employee sequence should ne increment by 1.
	3. insert 15 data into employee table.
	4. create a view for employee table to display the following data: emp id, emp name, annual salary, dept name, mobile, country.

........................................Answer...................................




SQL> spool E:/quis2.txt;

SQL> connect sys as sysdba;
Enter password:
Connected.

SQL> create role manager;

Role created.

SQL> create role supervisor;

Role created.

SQL> create role marketing_officer;

Role created.

SQL> grant create session, create sequence, create view, create table, create procedure to manager;

Grant succeeded.

SQL> grant create session, create sequence, create view, create table to supervisor;

Grant succeeded.

SQL> create user aaa identified by aaa;

User created.

SQL> create user bbb identified by bbb;

User created.

SQL> grant dba to manager;

Grant succeeded.

SQL> grant manager to aaa;

Grant succeeded.

SQL> grant supervisor to bbb;

Grant succeeded.

SQL> grant unlimited tablespace to aaa;

Grant succeeded.

SQL> grant unlimited tablespace to bbb;

Grant succeeded.

SQL> conn
Enter user-name: bbb
Enter password: bbb
Connected.

SQL> create table department(dept_id number(7) primary key, dept_name varchar2(50) unique);

Table created.

SQL> create table contact(con_id number(7) primary key, mobile number(15) unique,  country varchar2(50) default 'Bangladesh')

Table created.

SQL> create table employee(id number(7) primary key, emp_name varchar2(20),salary number(7) check(salary>=25000),joining_date date check(joining_date<='01-Jan-2000'), dept_id number(7) not null, con_id number(7), constraint emp_dep foreign key (dept_id) references department, constraint emp_con foreign key (con_id) references contact);

Table created.

SQL> alter table employee add constraints emp_dept_id unique (con_id);

Table altered.

SQL> create sequence dept_seq increment by 10 start with 10 nocache nocycle;

Sequence created.

SQL> create sequence con_seq increment by 5 start with 5 nocache nocycle;

Sequence created.

SQL> create sequence emp_seq increment by 1 start with 1 nocache nocycle;

Sequence created.

SQL> SQL> insert into department(dept_id,dept_name) values(10,'Administration');

1 row created.

SQL> insert into department(dept_id,dept_name) values(dept_seq.nextval,'HR and Finance');

1 row created.

SQL> insert into department(dept_id,dept_name) values(dept_seq.nextval,'Marketing');

1 row created.

SQL> insert into department(dept_id,dept_name) values(dept_seq.nextval,'RnD');

1 row created.

SQL> insert into department(dept_id,dept_name) values(dept_seq.nextval,'Administration');

1 row created.

SQL> insert into contact(con_id,mobile,country) values(con_seq.nextval,01712345678,'Japan');

1 row created.

SQL> insert into contact(con_id,mobile,country) values(con_seq.nextval,01712345679,'France');

1 row created.

SQL> insert into contact(con_id,mobile,country) values(con_seq.nextval,01712345680,'Italy');

1 row created.

SQL> insert into contact(con_id,mobile) values(con_seq.nextval,01712345681);

1 row created.

SQL> insert into employee(id,emp_name,salary,joining_date,dept_id,con_id) values(emp_seq.nextval,'AAA',25000,'01-Feb-1998',10,10);

1 row created.

SQL> insert into employee(id,emp_name,salary,joining_date,dept_id,con_id) values(emp_seq.nextval,'AAA',25000,'01-Feb-1998',10,15);

1 row created.

SQL> insert into employee(id,emp_name,salary,joining_date,dept_id,con_id) values(emp_seq.nextval,'AAA',25000,'01-Feb-1998',10,20);

1 row created.

SQL> create view emp_view as select e.emp_name "Emp Name", e.salary "Monthly Sal", d.dept_name "Dept Name", c.mobile, c.country from employee e, department d, contact c where e.id=d.dept_id and e.con_id=c.con_id;

View created.

SQL> create synonym esyn for emp_view;
create synonym esyn for emp_view
*
ERROR at line 1:
ORA-01031: insufficient privileges


SQL> connect sys as sysdba;
Enter password: sys
Connected.

SQL> grant create synonym to supervisor;

Grant succeeded.

SQL> conn
Enter user-name: bbb
Enter password: bb
Connected.

SQL> create synonym esyn for emp_view;

Synonym created.

SQL> update employee set salary=30000 where emp_name='AAA';

3 rows updated.

SQL> update employee set salary=35000,emp_name='BBB' where con_id=15;

1 row updated.




